
> chairwise@0.0.1 build
> astro build

15:13:14 [types] Generated 756ms
15:13:14 [build] output: "static"
15:13:14 [build] directory: /var/www/chairwise/dist/
15:13:14 [build] Collecting build info...
15:13:14 [build] ✓ Completed in 794ms.
15:13:14 [build] Building static entrypoints...
15:13:29 [vite] ✓ built in 14.29s
15:13:29 [build] ✓ Completed in 14.31s.

 building client (vite) 
15:13:29 [vite] transforming...
15:13:29 [vite] ✓ 6 modules transformed.
15:13:29 [vite] rendering chunks...
15:13:29 [vite] computing gzip size...
15:13:29 [vite] dist/_astro/hoisted.k7HZ-5pS.js  0.87 kB │ gzip: 0.42 kB
15:13:29 [vite] dist/_astro/hoisted.ZBInT8Wr.js  1.26 kB │ gzip: 0.66 kB
15:13:29 [vite] dist/_astro/hoisted.CAbLVq55.js  1.47 kB │ gzip: 0.65 kB
15:13:29 [vite] ✓ built in 34ms

 generating static routes 
15:13:29 ▶ src/pages/404.astro
15:13:29   └─ /404.html (+32ms)
15:13:29 ▶ src/pages/about.astro
15:13:29   └─ /about/index.html (+3ms)
15:13:29 ▶ src/pages/articles/[slug].astro
15:13:29   ├─ /articles/1-herman-miller-aeron-size-b-vs-steelcase-leap-v2-after-90-days-in-real-bodies/index.html (+17ms)
15:13:29   ├─ /articles/10-best-ape-hanger-accessories-to-check-before-you-buy/index.html (+8ms)
15:13:29   ├─ /articles/10-gaming-chairs-vs-office-chairs-what-you-are-actually-buying/index.html (+10ms)
15:13:29   ├─ /articles/11-uplift-v2-vs-fully-jarvis-three-years-later/index.html (+11ms)
15:13:29   ├─ /articles/12-standing-desk-converters-that-do-not-wobble-tested-six-units/index.html (+6ms)
15:13:29   ├─ /articles/13-how-tall-should-your-desk-be-a-chart-by-height-and-workflow/index.html (+7ms)
15:13:29   ├─ /articles/14-electric-vs-manual-crank-desks-the-real-cost-difference/index.html (+11ms)
15:13:29   ├─ /articles/16-treadmill-desks-who-they-work-for-and-who-should-skip/index.html (+6ms)
15:13:29   ├─ /articles/17-l-shaped-corner-desks-the-hidden-ergonomic-trap/index.html (+5ms)
15:13:29   ├─ /articles/18-anti-fatigue-mats-for-standing-desks-ranked-by-back-effect/index.html (+4ms)
15:13:29   ├─ /articles/2-the-best-ergonomic-chair-under-500-dollars-reviewed-across-5-body-types/index.html (+4ms)
15:13:29   ├─ /articles/20-ergotron-lx-vs-amazon-basics-monitor-arm-is-the-5x-price-real/index.html (+13ms)
15:13:29   ├─ /articles/21-single-monitor-vs-dual-monitor-arms-for-the-same-workflow/index.html (+8ms)
15:13:29   ├─ /articles/22-keyboard-trays-worth-it-for-most-people/index.html (+6ms)
15:13:29   ├─ /articles/23-desk-height-vs-keyboard-tray-height-measure-this-not-that/index.html (+12ms)
15:13:29   ├─ /articles/24-how-to-set-up-a-harp-practice-room-at-home/index.html (+8ms)
15:13:29   ├─ /articles/24-how-to-set-up-a-laptop-only-home-office-ergonomically/index.html (+9ms)
15:13:29   ├─ /articles/25-amazon-checklist-for-new-harp-owners/index.html (+9ms)
15:13:29   ├─ /articles/25-external-displays-for-laptop-users-24-vs-27-vs-32-inches/index.html (+5ms)
15:13:29   ├─ /articles/26-split-keyboards-for-wrist-pain-who-they-actually-help/index.html (+9ms)
15:13:29   ├─ /articles/27-vertical-mouse-vs-trackball-vs-trackpad-for-tendonitis/index.html (+5ms)
15:13:29   ├─ /articles/28-moonlander-vs-dygma-defy-vs-zsa-voyager-split-keyboards/index.html (+9ms)
15:13:29   ├─ /articles/3-secretlab-titan-evo-vs-herman-miller-embody-for-tall-users/index.html (+6ms)
15:13:29   ├─ /articles/30-low-profile-mechanical-vs-rubber-dome-the-wrist-data/index.html (+4ms)
15:13:29   ├─ /articles/32-mouse-sensitivity-settings-that-prevent-wrist-strain/index.html (+5ms)
15:13:29   ├─ /articles/33-the-actual-ergonomic-setup-checklist-10-minutes-permanent-fix/index.html (+5ms)
15:13:29   ├─ /articles/34-best-piano-benches-that-work-for-harp-players/index.html (+4ms)
15:13:29   ├─ /articles/34-setting-chair-height-when-you-cannot-stand-without-your-laptop/index.html (+4ms)
15:13:29   ├─ /articles/36-fixing-neck-pain-that-started-in-2020-and-never-left/index.html (+7ms)
15:13:29   ├─ /articles/37-lower-back-pain-at-your-desk-the-three-fixes-that-work/index.html (+4ms)
15:13:29   ├─ /articles/38-sit-stand-ratio-the-number-most-people-get-wrong/index.html (+6ms)
15:13:29   ├─ /articles/39-how-to-sit-for-8-hours-without-wrecking-yourself/index.html (+4ms)
15:13:29   ├─ /articles/4-humanscale-freedom-who-it-works-for-and-who-it-punishes/index.html (+7ms)
15:13:29   ├─ /articles/40-how-to-set-up-a-second-screen-without-looking-down-all-day/index.html (+6ms)
15:13:29   ├─ /articles/41-why-ergonomic-on-a-product-listing-means-almost-nothing/index.html (+4ms)
15:13:29   ├─ /articles/42-the-research-behind-standing-desks-actually-summarized/index.html (+7ms)
15:13:29   ├─ /articles/43-body-types-and-ergonomic-chairs-the-8-reference-bodies-explained/index.html (+4ms)
15:13:29   ├─ /articles/44-why-most-chair-reviews-fail-tall-short-and-pregnant-users/index.html (+4ms)
15:13:29   ├─ /articles/45-when-to-spend-1000-dollars-on-a-chair-and-when-200-is-enough/index.html (+4ms)
15:13:29   ├─ /articles/5-hon-ignition-2-0-the-300-dollar-chair-that-beats-chairs-at-three-times-the-price/index.html (+4ms)
15:13:29   ├─ /articles/6-long-ride-comfort-and-rain-kit-for-touring-baggers/index.html (+4ms)
15:13:29   ├─ /articles/6-why-the-aeron-is-wrong-for-most-people-who-bought-it/index.html (+4ms)
15:13:29   ├─ /articles/7-the-best-budget-ergonomic-chair-under-250-dollars-across-six-body-types/index.html (+7ms)
15:13:29   ├─ /articles/8-used-herman-miller-what-to-inspect-and-what-to-avoid/index.html (+4ms)
15:13:29   ├─ /articles/9-kneeling-chairs-the-physical-therapy-take/index.html (+4ms)
15:13:29   ├─ /articles/adjustable-desk-lighting-to-suit-different-work-tasks/index.html (+4ms)
15:13:29   ├─ /articles/adjustable-lighting-solutions-for-a-comfortable-home-office/index.html (+4ms)
15:13:29   ├─ /articles/benefits-of-adjustable-standing-desks-for-home-offices/index.html (+4ms)
15:13:29   ├─ /articles/benefits-of-sit-stand-desks-for-home-office-health/index.html (+3ms)
15:13:29   ├─ /articles/best-anti-fatigue-mats/index.html (+7ms)
15:13:29   ├─ /articles/best-back-supports/index.html (+7ms)
15:13:29   ├─ /articles/best-cable-management/index.html (+4ms)
15:13:29   ├─ /articles/best-chair-for-lower-back-pain-wfh/index.html (+4ms)
15:13:29   ├─ /articles/best-chair-for-short-person-wfh/index.html (+3ms)
15:13:29   ├─ /articles/best-chair-lower-back-pain-wfh/index.html (+4ms)
15:13:29   ├─ /articles/best-chairwise-monitor-arms-for-multi-monitor-workstations/index.html (+4ms)
15:13:29   ├─ /articles/best-desk-lighting/index.html (+6ms)
15:13:29   ├─ /articles/best-ergonomic-chair-under-500/index.html (+7ms)
15:13:29   ├─ /articles/best-ergonomic-chairs-under-500/index.html (+4ms)
15:13:29   ├─ /articles/best-ergonomic-chairs/index.html (+4ms)
15:13:29   ├─ /articles/best-keyboards/index.html (+3ms)
15:13:29   ├─ /articles/best-laptop-stands/index.html (+3ms)
15:13:29   ├─ /articles/best-lighting-types-to-reduce-eye-strain-while-working/index.html (+4ms)
15:13:29   ├─ /articles/best-monitor-arms/index.html (+7ms)
15:13:29   ├─ /articles/best-practices-for-cable-management-in-ergonomic-workspaces/index.html (+4ms)
15:13:29   ├─ /articles/best-standing-desks/index.html (+3ms)
15:13:29   ├─ /articles/best-vertical-mice/index.html (+3ms)
15:13:29   ├─ /articles/beyond-the-lumbar-understanding-advanced-features-in-ergonomic-seating/index.html (+4ms)
15:13:29   ├─ /articles/buying-guide-for-anti-fatigue-mats/index.html (+4ms)
15:13:29   ├─ /articles/buying-guide-for-back-supports/index.html (+4ms)
15:13:29   ├─ /articles/buying-guide-for-cable-management/index.html (+7ms)
15:13:29   ├─ /articles/buying-guide-for-desk-lighting/index.html (+4ms)
15:13:29   ├─ /articles/buying-guide-for-ergonomic-chairs/index.html (+3ms)
15:13:29   ├─ /articles/buying-guide-for-keyboards/index.html (+3ms)
15:13:29   ├─ /articles/buying-guide-for-laptop-stands/index.html (+4ms)
15:13:29   ├─ /articles/buying-guide-for-monitor-arms/index.html (+4ms)
15:13:29   ├─ /articles/buying-guide-for-standing-desks/index.html (+3ms)
15:13:29   ├─ /articles/buying-guide-for-vertical-mice/index.html (+3ms)
15:13:29   ├─ /articles/chairwise-article-01/index.html (+9ms)
15:13:29   ├─ /articles/chairwise-article-02/index.html (+4ms)
15:13:29   ├─ /articles/chairwise-article-03/index.html (+4ms)
15:13:29   ├─ /articles/chairwise-article-04/index.html (+4ms)
15:13:29   ├─ /articles/chairwise-article-05/index.html (+4ms)
15:13:29   ├─ /articles/chairwise-article-06/index.html (+4ms)
15:13:29   ├─ /articles/chairwise-article-07/index.html (+8ms)
15:13:29   ├─ /articles/chairwise-article-08/index.html (+5ms)
15:13:29   ├─ /articles/chairwise-article-09/index.html (+6ms)
15:13:29   ├─ /articles/chairwise-article-10/index.html (+4ms)
15:13:29   ├─ /articles/chairwise-chairs-with-lumbar-support-for-improved-posture/index.html (+4ms)
15:13:29   ├─ /articles/choosing-adjustable-standing-desks-for-varied-home-workstyles/index.html (+10ms)
15:13:29   ├─ /articles/choosing-chairwise-chairs-to-prevent-neck-and-shoulder-pain/index.html (+4ms)
15:13:29   ├─ /articles/choosing-keyboards-with-backlighting-for-low-light-workspaces/index.html (+8ms)
15:13:29   ├─ /articles/choosing-the-best-ergonomic-chair-for-long-home-office-hours/index.html (+4ms)
15:13:29   ├─ /articles/choosing-the-best-ergonomic-keyboard-for-typing-comfort/index.html (+4ms)
15:13:29   ├─ /articles/choosing-the-best-ergonomic-office-chair-for-lower-back-support/index.html (+4ms)
15:13:29   ├─ /articles/compact-keyboards-for-small-workspace-efficiency/index.html (+3ms)
15:13:29   ├─ /articles/comparing-the-top-ergonomic-office-chair-brands-herman-miller-vs-steelcase-/index.html (+4ms)
15:13:29   ├─ /articles/creating-a-clutter-free-ergonomic-workspace-at-home/index.html (+4ms)
15:13:29   ├─ /articles/creating-a-productive-ergonomic-workspace-in-small-home-offices/index.html (+8ms)
15:13:29   ├─ /articles/customizing-chairwise-chairs-for-personalized-comfort-and-support/index.html (+4ms)
15:13:29   ├─ /articles/desk-setup-makeover-integrating-your-new-ergonomic-chair-for-optimal-health/index.html (+3ms)
15:13:29   ├─ /articles/ergonomic-chair-adjustments-for-users-of-different-heights/index.html (+4ms)
15:13:29   ├─ /articles/ergonomic-chair-cushions-to-enhance-seating-comfort/index.html (+6ms)
15:13:29   ├─ /articles/ergonomic-chair-features-that-support-spinal-health/index.html (+4ms)
15:13:29   ├─ /articles/ergonomic-chair-features-to-look-for-in-2024/index.html (+4ms)
15:13:29   ├─ /articles/ergonomic-desk-accessories-that-boost-home-office-efficiency/index.html (+7ms)
15:13:30   ├─ /articles/ergonomic-keyboard-accessories-to-enhance-typing-posture/index.html (+5ms)
15:13:30   ├─ /articles/ergonomic-office-chair-materials-breathability-and-durability/index.html (+4ms)
15:13:30   ├─ /articles/ergonomic-office-chairs-designed-for-long-hours-at-work/index.html (+4ms)
15:13:30   ├─ /articles/ergonomic-office-chairs-with-breathable-mesh-for-comfort/index.html (+5ms)
15:13:30   ├─ /articles/ergonomic-office-chairs-your-ultimate-buying-guide-for-back-pain-relief/index.html (+5ms)
15:13:30   ├─ /articles/ergonomic-setup-budget/index.html (+4ms)
15:13:30   ├─ /articles/ergonomic-solutions-for-small-home-office-setups/index.html (+7ms)
15:13:30   ├─ /articles/ergonomic-tips-for-using-external-keyboards-with-laptops/index.html (+5ms)
15:13:30   ├─ /articles/ergonomic-tips-for-using-laptops-in-home-offices/index.html (+5ms)
15:13:30   ├─ /articles/ergonomic-workstation-setup-guide/index.html (+4ms)
15:13:30   ├─ /articles/gaming-ergonomics-the-best-office-chairs-for-long-gaming-sessions/index.html (+3ms)
15:13:30   ├─ /articles/gen-the-ultimate-guide-to-buying-an-ergonomic-office-chair-and-avoiding-/index.html (+3ms)
15:13:30   ├─ /articles/genv2-invest-in-comfort-premium-chairs-worth-every-penny/index.html (+4ms)
15:13:30   ├─ /articles/genv2-score-the-best-seats-top-budget-chairs-for-every-need/index.html (+5ms)
15:13:30   ├─ /articles/genv2-the-best-chairs-of-2026-your-ultimate-comfort-and-productivity-g/index.html (+10ms)
15:13:30   ├─ /articles/genv2-your-ultimate-guide-to-avoiding-chair-buying-blunders/index.html (+4ms)
15:13:30   ├─ /articles/guide-750lbs-big-and-tall-office-chair-with-wide-thick-seat-cushion-ergonomic-mesh-chairs-for-heavy-people-computer-desk-chair-asin-b0gmgjrw/index.html (+4ms)
15:13:30   ├─ /articles/guide-adqzywt-height-adjustable-standing-desk-converter-keyboard-riser-for-stand-up-desk-riser-computer-keyboard-stand-for-d-asin-b0gqsgdkrj/index.html (+5ms)
15:13:30   ├─ /articles/guide-aoc-2-4ghz-ergonomic-mouse-wireless-bluetooth-vertical-mouse-for-work-4800-dpi-optical-tracking-5-adjustable-dpi-qui-asin-b0gvj7vg89/index.html (+4ms)
15:13:30   ├─ /articles/guide-arteck-ergonomic-keyboard-with-cushioned-wrist-palm-rest-multi-device-wireless-bluetooth-with-usb-a-usb-c-receiver-comf-asin-b0fpr2gr6/index.html (+4ms)
15:13:30   ├─ /articles/guide-besign-ls03-aluminum-laptop-stand-ergonomic-detachable-computer-stand-notebook-riser-laptop-mount-compatible-with-air-asin-b08brct4jh/index.html (+4ms)
15:13:30   ├─ /articles/guide-big-and-tall-office-desk-chair-500lbs-ergonomic-heavy-duty-mesh-desk-chair-executive-swivel-task-computer-chairs-for-h-asin-b0fpf1c3qm/index.html (+3ms)
15:13:30   ├─ /articles/guide-drafting-chair-400lbs-heavy-duty-tall-office-chair-big-and-tall-ergonomic-standing-desk-chair-with-lumbar-support-and-ad-asin-b0g3x472/index.html (+6ms)
15:13:30   ├─ /articles/guide-drafting-chair-executive-tall-office-chair-flip-up-armrests-for-counter-height-desk-drawing-use-high-task-chair-with-adj-asin-b0ghxvnp/index.html (+4ms)
15:13:30   ├─ /articles/guide-drafting-chair-tall-office-chair-for-standing-desk-ergonomic-standing-desk-chair-with-flip-up-armrests-counter-height-asin-b0fyfg7fnw/index.html (+4ms)
15:13:30   ├─ /articles/guide-egseat-3d-kneading-massage-office-chair-with-heat-500-lbs-big-and-tall-executive-computer-desk-recliner-leather-electr-asin-b0gvrs7xhc/index.html (+4ms)
15:13:30   ├─ /articles/guide-ergofocus-heavy-duty-single-monitor-mount-for-max-49-inch-hold-7-7-to-44-lbs-ultrawide-screens-premium-monitor-arm-for-asin-b0fclgcfhh/index.html (+6ms)
15:13:30   ├─ /articles/guide-ergonomic-office-chair-for-long-hours-sitting-back-neck-pain-relief-adjustable-lumbar-support-headrest-high-dens-asin-b0gy9fxjzy/index.html (+4ms)
15:13:30   ├─ /articles/guide-flexispot-32-standing-desk-converter-space-saving-desktop-riser-for-home-office-sit-stand-computer-workstation-for-la-asin-b0gvcpyqt1/index.html (+3ms)
15:13:30   ├─ /articles/guide-flexispot-standing-desk-converter-36-desk-riser-height-adjustable-desktop-riser-sit-stand-computer-workstation-spacio-asin-b0gvcddcyg/index.html (+9ms)
15:13:30   ├─ /articles/guide-hayelf-ergonomic-office-chair-high-back-mesh-computer-chair-with-comfortable-adaptive-lumbar-support-built-in-coat-han-asin-b0g5psh8s4/index.html (+4ms)
15:13:30   ├─ /articles/guide-height-adjustable-standing-desk-converter-computer-keyboard-stand-for-desktop-keyboard-riser-for-stand-up-desk-riser-com-asin-b0f6cfjm/index.html (+4ms)
15:13:30   ├─ /articles/guide-huuger-electric-standing-desk-with-power-outlets-and-usb-c-port-47-x-24-inch-height-adjustable-desk-sit-stand-desk-for-asin-b0gs9b1x5x/index.html (+3ms)
15:13:30   ├─ /articles/guide-hyejdrv-chair-armrest-replacement-arm-pad-caps-replacement-for-herman-miller-classic-aeron-chair-graphite-black-1-pair-asin-b0dy7kk7wj/index.html (+3ms)
15:13:30   ├─ /articles/guide-jiporier-lumbar-support-pillow-for-office-chair-seat-cushion-with-back-support-office-chair-cushion-for-tailbone-pain-sc-asin-b0g4v4jy/index.html (+3ms)
15:13:30   ├─ /articles/guide-kwksv-drafting-chair-for-standing-desks-500lbs-capacity-tall-office-chair-with-adjustable-height-foot-ring-flip-up-ar-asin-b0gmq7h2wr/index.html (+3ms)
15:13:30   ├─ /articles/guide-massage-office-chair-500lbs-ergonomic-rocking-executive-desk-chairs-with-4-points-vibration-heat-padded-flip-up-armrest-asin-b0gdxnx8z/index.html (+5ms)
15:13:30   ├─ /articles/guide-massage-office-chair-with-foot-rest-6-point-vibration-heat-executive-office-chairs-ergonomic-computer-chair-for-heavy-asin-b0gvjfhr4y/index.html (+7ms)
15:13:30   ├─ /articles/guide-massage-office-chair-with-foot-rest-6-points-vibration-heat-executive-office-chairs-for-heavy-people-500lbs-big-and-ta-asin-b0gs55sxxp/index.html (+4ms)
15:13:30   ├─ /articles/guide-massage-office-chair-with-foot-rest-6-points-vibration-heat-executive-office-chairs-for-heavy-people-500lbs-big-and-ta-asin-b0gtlfn4qy/index.html (+3ms)
15:13:30   ├─ /articles/guide-nexthro-ergonomic-office-chair-mesh-office-chair-with-lumbar-support-high-back-desk-chair-with-flip-up-arms-400-lbs-big-asin-b0g3vswzx/index.html (+3ms)
15:13:30   ├─ /articles/guide-oukmic-32-stable-standing-desk-converter-height-adjustable-sit-to-stand-up-desk-riser-with-keyboard-tray-for-home-or-o-asin-b0gvdrtb5s/index.html (+3ms)
15:13:30   ├─ /articles/guide-qltplus-office-desk-chair-for-long-hours-back-pain-relief-4-thick-molded-foam-cushion-enhanced-lumbar-support-pad-asin-b0f93n3hjg/index.html (+3ms)
15:13:30   ├─ /articles/guide-raathionty-height-adjustable-standing-desk-converter-computer-keyboard-stand-for-desktop-keyboard-riser-for-stand-up-d-asin-b0f8js4l73/index.html (+3ms)
15:13:30   ├─ /articles/guide-rk-royal-kludge-rks70-ergonomic-split-keyboard-wireless-rgb-mechanical-keyboard-with-bluetooth-2-4ghz-wired-75-hot-sw-asin-b0fgn9gc2g/index.html (+7ms)
15:13:30   ├─ /articles/guide-sinoluxe-chair-armrest-replacement-for-herman-miller-classic-aeron-chair-office-chair-arm-pads-replacement-black-1-pai-asin-b0f83krjbq/index.html (+4ms)
15:13:30   ├─ /articles/guide-steelcase-leap-chair-v2-in-black-fabric-asin-b073g1k465/index.html (+3ms)
15:13:30   ├─ /articles/guide-to-proper-keyboard-and-mouse-placement-for-comfort/index.html (+3ms)
15:13:30   ├─ /articles/guide-vivo-dual-pneumatic-arm-ultra-wide-monitor-mount-for-up-to-35-inch-screens-holds-26-4-lbs-per-arm-desk-mount-monitor-s-asin-b0fgktc4cq/index.html (+3ms)
15:13:30   ├─ /articles/guide-woolala-heated-wrist-brace-with-massager-usb-portable-electric-heating-pad-for-carpal-tunnel-and-tendonitis-relief-massa-asin-b0cmz9p4/index.html (+3ms)
15:13:30   ├─ /articles/guide-zonelucky-600lbs-big-and-tall-office-chair-heavy-duty-executive-desk-chair-for-heavy-people-extra-wide-pu-leather-comp-asin-b0gjcsd4w8/index.html (+3ms)
15:13:30   ├─ /articles/herman-miller-aeron-vs-steelcase-leap/index.html (+8ms)
15:13:30   ├─ /articles/how-chairwise-chairs-help-alleviate-sciatica-and-hip-pain/index.html (+4ms)
15:13:30   ├─ /articles/how-proper-lighting-reduces-mistakes-and-enhances-accuracy/index.html (+4ms)
15:13:30   ├─ /articles/how-standing-desks-improve-focus-and-reduce-fatigue/index.html (+5ms)
15:13:30   ├─ /articles/how-to-adjust-your-ergonomic-chair-for-maximum-support/index.html (+3ms)
15:13:30   ├─ /articles/how-to-choose-anti-fatigue-mats/index.html (+3ms)
15:13:30   ├─ /articles/how-to-choose-back-supports/index.html (+3ms)
15:13:30   ├─ /articles/how-to-choose-cable-management/index.html (+5ms)
15:13:30   ├─ /articles/how-to-choose-desk-lighting/index.html (+7ms)
15:13:30   ├─ /articles/how-to-choose-ergonomic-chairs/index.html (+4ms)
15:13:30   ├─ /articles/how-to-choose-keyboards/index.html (+3ms)
15:13:30   ├─ /articles/how-to-choose-laptop-stands/index.html (+4ms)
15:13:30   ├─ /articles/how-to-choose-monitor-arms/index.html (+7ms)
15:13:30   ├─ /articles/how-to-choose-standing-desks/index.html (+5ms)
15:13:30   ├─ /articles/how-to-choose-the-perfect-ergonomic-office-chair-a-step-by-step-guide/index.html (+4ms)
15:13:30   ├─ /articles/how-to-choose-vertical-mice/index.html (+3ms)
15:13:30   ├─ /articles/how-to-combine-natural-and-artificial-lighting-ergonomically/index.html (+9ms)
15:13:30   ├─ /articles/how-to-design-an-ergonomic-workspace-for-remote-employees/index.html (+4ms)
15:13:30   ├─ /articles/how-to-position-dual-monitors-ergonomically-in-your-home-office/index.html (+3ms)
15:13:30   ├─ /articles/how-to-prevent-neck-pain-with-proper-monitor-placement/index.html (+3ms)
15:13:30   ├─ /articles/how-to-properly-adjust-your-ergonomic-office-chair-for-maximum-comfort/index.html (+3ms)
15:13:30   ├─ /articles/how-to-select-a-keyboard-tray-for-ergonomic-typing/index.html (+4ms)
15:13:30   ├─ /articles/how-to-set-up-a-home-office-for-back-pain-prevention/index.html (+5ms)
15:13:30   ├─ /articles/how-to-set-up-an-ergonomic-standing-desk-at-home/index.html (+7ms)
15:13:30   ├─ /articles/how-to-set-up-ergonomic-workstation/index.html (+4ms)
15:13:30   ├─ /articles/impact-of-natural-lighting-on-workplace-wellness-and-output/index.html (+3ms)
15:13:30   ├─ /articles/impact-of-workspace-lighting-color-temperature-on-productivity/index.html (+5ms)
15:13:30   ├─ /articles/improving-posture-with-ergonomic-home-office-furniture/index.html (+3ms)
15:13:30   ├─ /articles/keyboard-tray-ergonomics/index.html (+3ms)
15:13:30   ├─ /articles/keyboards-with-split-design-for-enhanced-typing-comfort/index.html (+3ms)
15:13:30   ├─ /articles/laptop-stand-for-neck-pain/index.html (+7ms)
15:13:30   ├─ /articles/left-handed-mouse-and-keyboard-ergonomics-for-cad-work/index.html (+4ms)
15:13:30   ├─ /articles/lighting-design-ideas-to-create-an-inviting-home-office/index.html (+3ms)
15:13:30   ├─ /articles/maximizing-workspace-productivity-with-chairwise-ergonomic-solutions/index.html (+3ms)
15:13:30   ├─ /articles/monitor-arm-features-that-support-collaborative-work-environments/index.html (+3ms)
15:13:30   ├─ /articles/monitor-arm-for-heavy-monitor/index.html (+4ms)
15:13:30   ├─ /articles/monitor-arm-heavy-monitor-review/index.html (+4ms)
15:13:30   ├─ /articles/monitor-arm-installation-tricks-for-a-clutter-free-desk/index.html (+8ms)
15:13:30   ├─ /articles/monitor-arm-positioning-tips-to-avoid-neck-and-eye-strain/index.html (+4ms)
15:13:30   ├─ /articles/monitor-arms-that-boost-desk-space-and-posture-alignment/index.html (+7ms)
15:13:30   ├─ /articles/office-chair-for-tall-person/index.html (+4ms)
15:13:30   ├─ /articles/office-chair-reddit-recommendations/index.html (+3ms)
15:13:30   ├─ /articles/optimal-lighting-solutions-to-enhance-workspace-productivity/index.html (+3ms)
15:13:30   ├─ /articles/selecting-the-ideal-monitor-arm-for-flexible-positioning/index.html (+3ms)
15:13:30   ├─ /articles/setting-up-a-monitor-at-eye-level-for-neck-health/index.html (+7ms)
15:13:30   ├─ /articles/setting-up-lighting-to-reduce-glare-on-computer-screens/index.html (+4ms)
15:13:30   ├─ /articles/sitting-smarter-a-beginner-s-guide-to-ergonomic-seating-posture/index.html (+3ms)
15:13:30   ├─ /articles/split-keyboard-for-wrist-pain/index.html (+3ms)
15:13:30   ├─ /articles/standing-desk-benefits-and-drawbacks/index.html (+4ms)
15:13:30   ├─ /articles/standing-desk-converter-review/index.html (+8ms)
15:13:30   ├─ /articles/standing-desk-exercises-to-complement-your-work-routine/index.html (+4ms)
15:13:30   ├─ /articles/standing-desk-height-adjustment-finding-your-ideal-position/index.html (+7ms)
15:13:30   ├─ /articles/standing-desk-mats-that-improve-comfort-and-reduce-fatigue/index.html (+4ms)
15:13:30   ├─ /articles/standing-desk-vs-chair-health-benefits/index.html (+4ms)
15:13:30   ├─ /articles/standing-desk-vs-chair/index.html (+5ms)
15:13:30   ├─ /articles/standing-desks-and-mental-health-reducing-stress-and-anxiety/index.html (+4ms)
15:13:30   ├─ /articles/standing-desks-and-their-role-in-combating-sedentary-lifestyle/index.html (+4ms)
15:13:30   ├─ /articles/the-10-best-ergonomic-office-chairs-for-ultimate-posture-and-comfort-in-202/index.html (+3ms)
15:13:30   ├─ /articles/the-best-office-chairs-for-sciatica-finding-relief-through-ergonomics/index.html (+8ms)
15:13:30   ├─ /articles/the-importance-of-adjustable-desk-height-for-home-offices/index.html (+4ms)
15:13:30   ├─ /articles/the-role-of-footrests-in-ergonomic-home-office-comfort/index.html (+4ms)
15:13:30   ├─ /articles/the-science-behind-standing-desks-and-increased-productivity/index.html (+3ms)
15:13:30   ├─ /articles/tips-for-maintaining-good-posture-while-working-from-home/index.html (+3ms)
15:13:30   ├─ /articles/tips-for-organizing-your-home-office-ergonomically/index.html (+3ms)
15:13:30   ├─ /articles/tips-for-setting-up-an-ergonomic-workspace-with-chairwise-products/index.html (+3ms)
15:13:30   ├─ /articles/top-5-ergonomic-office-chairs-under-300-comfort-on-a-budget/index.html (+7ms)
15:13:30   ├─ /articles/top-anti-fatigue-mats/index.html (+3ms)
15:13:30   ├─ /articles/top-back-supports/index.html (+4ms)
15:13:30   ├─ /articles/top-cable-management/index.html (+3ms)
15:13:30   ├─ /articles/top-desk-lighting/index.html (+3ms)
15:13:30   ├─ /articles/top-ergonomic-chairs/index.html (+3ms)
15:13:30   ├─ /articles/top-keyboards-for-comfortable-typing-and-reduced-wrist-strain/index.html (+4ms)
15:13:30   ├─ /articles/top-keyboards/index.html (+7ms)
15:13:30   ├─ /articles/top-laptop-stands/index.html (+3ms)
15:13:30   ├─ /articles/top-monitor-arms/index.html (+3ms)
15:13:30   ├─ /articles/top-monitor-setup-tips-for-an-ergonomic-home-workspace/index.html (+4ms)
15:13:30   ├─ /articles/top-standing-desks/index.html (+5ms)
15:13:30   ├─ /articles/top-vertical-mice/index.html (+3ms)
15:13:30   ├─ /articles/vertical-mouse-for-tendonitis/index.html (+3ms)
15:13:30   ├─ /articles/work-from-home-comfort-the-best-ergonomic-chairs-for-small-spaces/index.html (+6ms)
15:13:30   └─ /articles/your-guide-to-ergonomic-office-chair-materials-what-s-best-for-you/index.html (+9ms)
15:13:30 ▶ src/pages/articles/index.astro
15:13:30   └─ /articles/index.html (+20ms)
15:13:30 ▶ src/pages/authors/[slug].astro
15:13:30   ├─ /authors/dana-wolff/index.html (+4ms)
15:13:30   ├─ /authors/eli-rowe/index.html (+2ms)
15:13:30   ├─ /authors/marcus-chen/index.html (+8ms)
15:13:30   ├─ /authors/nate-brennan/index.html (+3ms)
15:13:30   ├─ /authors/nate-chairwise/index.html (+2ms)
15:13:30   └─ /authors/rosa-linden/index.html (+2ms)
15:13:30 ▶ src/pages/contact.astro
15:13:30   └─ /contact/index.html (+2ms)
15:13:30 ▶ src/pages/disclosure.astro
15:13:30   └─ /disclosure/index.html (+1ms)
15:13:30 ▶ src/pages/editorial-standards.astro
15:13:30   └─ /editorial-standards/index.html (+2ms)
15:13:30 ▶ src/pages/how-we-test.astro
15:13:30   └─ /how-we-test/index.html (+1ms)
15:13:30 ▶ src/pages/methodology.astro
15:13:30   └─ /methodology/index.html (+1ms)
15:13:30 ▶ src/pages/pillars/[slug].astro
15:13:30   ├─ /pillars/ergonomic-home-office-setup-guide/index.html (+8ms)
15:13:30   └─ /pillars/lumbar-support-buyers-guide/index.html (+3ms)
15:13:30 ▶ src/pages/pillars/index.astro
15:13:30   └─ /pillars/index.html (+5ms)
15:13:30 ▶ src/pages/privacy.astro
15:13:30   └─ /privacy/index.html (+2ms)
15:13:30 ▶ src/pages/products/[slug].astro
15:13:30   ├─ /products/4-rolls-4-33-x-244-110mm-x-74m-desktop-thermal-transfer/index.html (+3ms)
15:13:30   ├─ /products/750lbs-big-and-tall-office-chair-with-wide-thick-seat-c/index.html (+3ms)
15:13:30   ├─ /products/ancient-nutrition-gut-health-supplement-regenerative-or/index.html (+2ms)
15:13:30   ├─ /products/aoao-women-s-body-powder-talc-free-cashmere-dusting-pow/index.html (+2ms)
15:13:30   ├─ /products/aoc-2-4ghz-ergonomic-mouse-wireless-bluetooth-vertical-/index.html (+2ms)
15:13:30   ├─ /products/arteck-ergonomic-keyboard-with-cushioned-wrist-palm-res/index.html (+2ms)
15:13:30   ├─ /products/b07dfkbbmh-nouhaus-posture-ergonomic-chair/index.html (+2ms)
15:13:30   ├─ /products/b07ymd1zc2-kensington-memory-foam-seat-cushion/index.html (+3ms)
15:13:30   ├─ /products/b08cxrxwfg-vivo-dual-monitor-desk-mount/index.html (+2ms)
15:13:30   ├─ /products/b08f4xlhln-autonomous-ergochair-pro/index.html (+3ms)
15:13:30   ├─ /products/b093vg5b28-flexispot-e7-standing-desk/index.html (+2ms)
15:13:30   ├─ /products/bestand-real-fan-white-noise-machine-sleep-sound-machin/index.html (+7ms)
15:13:30   ├─ /products/big-and-tall-office-desk-chair-500lbs-ergonomic-heavy-d/index.html (+4ms)
15:13:30   ├─ /products/bluelog-shower-chair-for-inside-shower-with-arms-and-ba/index.html (+4ms)
15:13:30   ├─ /products/drafting-chair-400lbs-heavy-duty-tall-office-chair-big-/index.html (+2ms)
15:13:30   ├─ /products/drafting-chair-executive-tall-office-chair-flip-up-armr/index.html (+2ms)
15:13:30   ├─ /products/drafting-chair-tall-office-chair-for-standing-desk-ergo/index.html (+2ms)
15:13:30   ├─ /products/ebs-monroe-calculator-ribbon-fits-2120-2125-2145-compat/index.html (+3ms)
15:13:30   ├─ /products/ergofocus-heavy-duty-single-monitor-mount-for-max-49-in/index.html (+3ms)
15:13:30   ├─ /products/ergonomic-office-chair-for-long-hours-sitting-back-neck/index.html (+3ms)
15:13:30   ├─ /products/ergonomic-office-chair-high-back-desk-chair-with-flip-u/index.html (+2ms)
15:13:30   ├─ /products/evolis-1-silver-print-ribbon-dualys-dualys3-pebble-4-pe/index.html (+2ms)
15:13:30   ├─ /products/fargo-45100-full-color-ribbon-ymcko-250-prints/index.html (+2ms)
15:13:30   ├─ /products/fei-fah-electric-medibalm-net-2-45-oz-70g-ointments-cre/index.html (+2ms)
15:13:30   ├─ /products/fitness-full-body-traction-bed-massage-cervical-tractio/index.html (+3ms)
15:13:30   ├─ /products/flame-air-diffuser-humidifier-essential-oil-diffuser-7-/index.html (+6ms)
15:13:30   ├─ /products/flexispot-32-standing-desk-converter-space-saving-deskt/index.html (+3ms)
15:13:30   ├─ /products/flexispot-standing-desk-converter-36-desk-riser-height-/index.html (+2ms)
15:13:30   ├─ /products/fuspower-9v-batteries-12-pack-9-volt-batteries-3-years-/index.html (+2ms)
15:13:30   ├─ /products/general-ribbon-grc-canon-t316-cob-1-blk-corr-ribb-ap100/index.html (+2ms)
15:13:30   ├─ /products/height-adjustable-standing-desk-converter-computer-keyb/index.html (+4ms)
15:13:30   ├─ /products/herb-pharm-guayusa-capsules-usda-organic-nootropic-brai/index.html (+3ms)
15:13:30   ├─ /products/hp-original-61-tri-color-61xl-black-ink-cartridges-2-pa/index.html (+3ms)
15:13:30   ├─ /products/huanuo-flowlift-pro-monitor-arm-for-13-32-screens-mecha/index.html (+2ms)
15:13:30   ├─ /products/huuger-electric-standing-desk-with-power-outlets-and-us/index.html (+2ms)
15:13:30   ├─ /products/hyejdrv-chair-armrest-replacement-arm-pad-caps-replacem/index.html (+2ms)
15:13:30   ├─ /products/jiporier-lumbar-support-pillow-for-office-chair-seat-cu/index.html (+2ms)
15:13:30   ├─ /products/kcfev-titanium-pill-case-necklace-nitro-mini-keychain-p/index.html (+3ms)
15:13:30   ├─ /products/kinesis-freestyle2-vip-accessory-features-ac820-blk-key/index.html (+4ms)
15:13:30   ├─ /products/kwksv-500lbs-big-and-tall-office-chair-comfy-heavy-duty/index.html (+6ms)
15:13:30   ├─ /products/leonyo-oversized-2-person-camping-chair-double-camping-/index.html (+3ms)
15:13:30   ├─ /products/madison-avenue-oversized-square-blue-light-blocking-gla/index.html (+2ms)
15:13:30   ├─ /products/massage-office-chair-500lbs-ergonomic-rocking-executive/index.html (+3ms)
15:13:30   ├─ /products/massage-office-chair-with-foot-rest-6-point-vibration-h/index.html (+2ms)
15:13:30   ├─ /products/massage-office-chair-with-foot-rest-6-points-vibration-/index.html (+3ms)
15:13:30   ├─ /products/newtral-standing-desk-chair-standing-mate-chair-for-sit/index.html (+2ms)
15:13:30   ├─ /products/nexthro-ergonomic-office-chair-mesh-office-chair-with-l/index.html (+2ms)
15:13:30   ├─ /products/office-chair-desk-chair-with-lumbar-support-arms-adjust/index.html (+2ms)
15:13:30   ├─ /products/oukmic-32-stable-standing-desk-converter-height-adjusta/index.html (+8ms)
15:13:30   ├─ /products/qltplus-office-desk-chair-for-long-hours-back-pain-reli/index.html (+4ms)
15:13:30   ├─ /products/raathionty-height-adjustable-standing-desk-converter-co/index.html (+3ms)
15:13:30   ├─ /products/ribbon-unit-marine-corps-expeditionary/index.html (+3ms)
15:13:30   ├─ /products/safavieh-area-rug-8x10-restoration-vintage-collection-l/index.html (+4ms)
15:13:30   ├─ /products/shengyiwa-6-pack-automatic-air-freshener-spray-dispense/index.html (+8ms)
15:13:30   ├─ /products/sinoluxe-chair-armrest-replacement-for-herman-miller-cl/index.html (+4ms)
15:13:30   ├─ /products/st-care-fitness-tracker-with-step-counter-calories-stop/index.html (+6ms)
15:13:30   ├─ /products/steelcase-leap-chair-v2-in-black-fabric/index.html (+4ms)
15:13:30   ├─ /products/vanguard-air-force-ribbon-unit-outstanding-unit/index.html (+3ms)
15:13:30   ├─ /products/vevor-1500-lbs-trailer-jack-with-wheel-heavy-duty-swive/index.html (+7ms)
15:13:30   ├─ /products/vivo-dual-pneumatic-arm-ultra-wide-monitor-mount-for-up/index.html (+3ms)
15:13:30   ├─ /products/woolala-heated-wrist-brace-with-massager-usb-portable-e/index.html (+3ms)
15:13:30   ├─ /products/zaioo-ultrasonic-pest-insect-repeller-ultrasonic-repell/index.html (+3ms)
15:13:30   ├─ /products/zebra-ribbon-core-adaptor-for-1-in-diameter-ribbon-core/index.html (+4ms)
15:13:30   └─ /products/zonelucky-600lbs-big-and-tall-office-chair-heavy-duty-e/index.html (+3ms)
15:13:30 ▶ src/pages/products/index.astro
15:13:30   └─ /products/index.html (+4ms)
15:13:30 λ src/pages/rss.xml.js
15:13:30   └─ /rss.xml (+27ms)
15:13:30 λ src/pages/sitemap.xml.ts
15:13:30   └─ /sitemap.xml (+2ms)
15:13:30 ▶ src/pages/terms.astro
15:13:30   └─ /terms/index.html (+2ms)
15:13:30 ▶ src/pages/index.astro
15:13:30   └─ /index.html (+3ms)
15:13:30 ✓ Completed in 1.75s.

15:13:31 [build] 323 page(s) built in 17.15s
15:13:31 [build] Complete!
On branch main
Your branch is up to date with 'origin/main'.

Untracked files:
  (use "git add <file>..." to include in what will be committed)
	.asinfix_build.log

nothing added to commit but untracked files present (use "git add" to track)
Everything up-to-date
ASINFIX_DONE
